
> remunedata-web@0.1.0 test
> vitest --run


[1m[46m RUN [49m[22m [36mv3.2.4 [39m[90mC:/Users/myPC/Desktop/dev/personal/remunedata/remunedata-web[39m

 [32mÔ£ô[39m src/modules/remuneration/services/remuneration.service.spec.ts [2m([22m[2m3 tests[22m[2m)[22m[32m 19[2mms[22m[39m
 [32mÔ£ô[39m src/modules/executions/services/execution.service.spec.ts [2m([22m[2m1 test[22m[2m)[22m[32m 13[2mms[22m[39m
 [32mÔ£ô[39m src/modules/dashboard/services/summary.service.spec.ts [2m([22m[2m2 tests[22m[2m)[22m[32m 13[2mms[22m[39m
 [32mÔ£ô[39m src/modules/remuneration/composables/useRemunerationSearch.spec.ts [2m([22m[2m3 tests[22m[2m)[22m[32m 15[2mms[22m[39m
 [32mÔ£ô[39m src/core/formatters/formatters.spec.ts [2m([22m[2m4 tests[22m[2m)[22m[32m 39[2mms[22m[39m
 [32mÔ£ô[39m src/shared/ui/BaseCard.spec.ts [2m([22m[2m2 tests[22m[2m)[22m[32m 95[2mms[22m[39m
 [32mÔ£ô[39m src/shared/ui/BaseButton.spec.ts [2m([22m[2m3 tests[22m[2m)[22m[32m 131[2mms[22m[39m
 [32mÔ£ô[39m src/shared/ui/BaseTable.spec.ts [2m([22m[2m5 tests[22m[2m)[22m[32m 146[2mms[22m[39m
 [32mÔ£ô[39m src/App.spec.ts [2m([22m[2m1 test[22m[2m)[22m[32m 126[2mms[22m[39m

[2m Test Files [22m [1m[32m9 passed[39m[22m[90m (9)[39m
[2m      Tests [22m [1m[32m24 passed[39m[22m[90m (24)[39m
[2m   Start at [22m 15:34:25
[2m   Duration [22m 4.85s[2m (transform 3.00s, setup 0ms, collect 5.92s, tests 596ms, environment 22.92s, prepare 3.53s)[22m

